// Jest Snapshot v1, https://goo.gl/fbAQLP

exports[`App should render App 1`] = `
Array [
  <BrowserRouter>
    <div
      className="App"
    >
      <Container
        fluid={false}
      >
        <Header />
        <Main />
      </Container>
    </div>
  </BrowserRouter>,
]
`;
